C51 COMPILER V9.60.0.0   MAIN                                                              12/31/2021 10:01:48 PAGE 1   


C51 COMPILER V9.60.0.0, COMPILATION OF MODULE MAIN
OBJECT MODULE PLACED IN .\Objects\main.obj
COMPILER INVOKED BY: C:\Software\Keil_v5\C51\BIN\C51.EXE main.c OPTIMIZE(8,SPEED) BROWSE DEBUG OBJECTEXTEND PRINT(.\List
                    -ings\main.lst) TABS(2) OBJECT(.\Objects\main.obj)

line level    source

   1          #include <STC89C5xRC.H>
   2          #include <INTRINS.H>
   3          
   4          void INTR0_Init();
   5          void INTR1_Init();
   6          void Delay20ms();
   7          
   8          int main()
   9          {
  10   1          INTR0_Init();
  11   1          INTR1_Init();
  12   1          while(1)
  13   1          {
  14   2              /*add your codes*/
  15   2          }
  16   1          return 0;
  17   1      }
  18          
  19          void Delay20ms()    //@12.000MHz
  20          {
  21   1          unsigned char i, j;
  22   1      
  23   1          i = 39;
  24   1          j = 230;
  25   1          do
  26   1          {
  27   2              while (--j);
  28   2          } while (--i);
  29   1      }
  30          
  31          
  32          void INTR0_Init()
  33          {
  34   1          IT0 = 1;        //下降沿触发
  35   1          IE0 = 0;        //软清零
  36   1          EA = 1;         //中断总允许开关
  37   1          EX0 = 1;        //打开INTR0中断允许
  38   1          PX0 = 0;
  39   1      }
  40          
  41          void Intr0() interrupt 0
  42          {
  43   1          Delay20ms();
  44   1          P20 = ~P20;
  45   1      }
  46          
  47          void INTR1_Init()
  48          {
  49   1          IT1 = 1;        //下降沿触发
  50   1          IE1 = 0;        //软清零
  51   1          EA = 1;         //中断总允许开关
  52   1          EX1 = 1;        //打开INTR1中断允许
  53   1          PX1 = 0;
  54   1      }
C51 COMPILER V9.60.0.0   MAIN                                                              12/31/2021 10:01:48 PAGE 2   

  55          
  56          void Intr1() interrupt 2
  57          {
  58   1          Delay20ms();
  59   1          P21 = ~P21;
  60   1      }
*** WARNING C294 IN LINE 16 OF main.c: unreachable code


MODULE INFORMATION:   STATIC OVERLAYABLE
   CODE SIZE        =     81    ----
   CONSTANT SIZE    =   ----    ----
   XDATA SIZE       =   ----    ----
   PDATA SIZE       =   ----    ----
   DATA SIZE        =   ----    ----
   IDATA SIZE       =   ----    ----
   BIT SIZE         =   ----    ----
END OF MODULE INFORMATION.


C51 COMPILATION COMPLETE.  1 WARNING(S),  0 ERROR(S)
