C51 COMPILER V9.60.0.0   MAIN                                                              08/12/2021 09:12:30 PAGE 1   


C51 COMPILER V9.60.0.0, COMPILATION OF MODULE MAIN
OBJECT MODULE PLACED IN .\Objects\main.obj
COMPILER INVOKED BY: C:\Software\Keil_v5\C51\BIN\C51.EXE main.c OPTIMIZE(8,SPEED) BROWSE DEBUG OBJECTEXTEND PRINT(.\List
                    -ings\main.lst) OBJECT(.\Objects\main.obj)

line level    source

   1          #include <STC89C5xRC.H>
   2          #include <INTRINS.H>
   3          #include "Timer.h"
   4          #include "Key.h"
   5          #include "Nixie.h"
   6          
   7          unsigned char seclo = 0, sec = 0, min = 0;
   8          bit Runflag = 0;
   9          
  10          int main()
  11          {
  12   1          unsigned char key = 0;
  13   1          Timer0_Init();
  14   1      
  15   1          while (1)
  16   1          {
  17   2              key = Key();
  18   2      
  19   2              if(key == 1)
  20   2              {
  21   3                  P20 = ~P20;
  22   3              }
  23   2      
  24   2              if(key == 2)
  25   2              {
  26   3                  P21 = ~P21;
  27   3              }
  28   2              SetNixie(1, 7);
  29   2              SetNixie(2, 8);
  30   2              SetNixie(3, 9);
  31   2          }
  32   1          return 0;
  33   1      }
  34          
  35          void Timer0() interrupt 1
  36          {
  37   1          static int count0 = 0, count1 = 0;
  38   1          TH0 = (65536 - 1000) / 256;
  39   1          TL0 = (65536 - 1000) % 256;
  40   1          count0++;
  41   1          count1++;
  42   1          if (count0 >= 10)
  43   1          {
  44   2              count0 = 0;
  45   2              KeyLoop();
  46   2          }
  47   1          if (count1 >= 1)
  48   1          {
  49   2              count1 = 0;
  50   2              NixieLoop();
  51   2          }
  52   1      }
*** WARNING C294 IN LINE 32 OF main.c: unreachable code

C51 COMPILER V9.60.0.0   MAIN                                                              08/12/2021 09:12:30 PAGE 2   


MODULE INFORMATION:   STATIC OVERLAYABLE
   CODE SIZE        =    173    ----
   CONSTANT SIZE    =   ----    ----
   XDATA SIZE       =   ----    ----
   PDATA SIZE       =   ----    ----
   DATA SIZE        =      7       1
   IDATA SIZE       =   ----    ----
   BIT SIZE         =      1    ----
END OF MODULE INFORMATION.


C51 COMPILATION COMPLETE.  1 WARNING(S),  0 ERROR(S)
