C51 COMPILER V9.60.0.0   TIMER                                                             08/12/2021 09:12:30 PAGE 1   


C51 COMPILER V9.60.0.0, COMPILATION OF MODULE TIMER
OBJECT MODULE PLACED IN .\Objects\Timer.obj
COMPILER INVOKED BY: C:\Software\Keil_v5\C51\BIN\C51.EXE Timer.c OPTIMIZE(8,SPEED) BROWSE DEBUG OBJECTEXTEND PRINT(.\Lis
                    -tings\Timer.lst) OBJECT(.\Objects\Timer.obj)

line level    source

   1          #include <STC89C5xRC.H>
   2          
   3          void Timer0_Init()
   4          {
   5   1          TMOD |= 0x01;
   6   1          TH0 = (65536 - 1000) / 256;
   7   1          TL0 = (65536 - 1000) % 256;
   8   1          TF0 = 0;
   9   1          EA = 1;
  10   1          ET0 = 1;
  11   1          PT0 = 0;
  12   1          TR0 = 1;
  13   1      }
  14          
  15          void Timer1_Init()
  16          {
  17   1          TMOD |= 0x10;
  18   1          TH1 = (65536 - 500) / 256;
  19   1          TL1 = (65536 - 500) % 256;
  20   1          TF1 = 0;
  21   1          EA = 1;
  22   1          ET1 = 1;
  23   1          PT1 = 0;
  24   1          TR1 = 1;
  25   1      }
  26          
  27          /*
  28          void Timer0() interrupt 1
  29          {
  30              static int count = 0;
  31              TH0 = (65536 - 1000) / 256;
  32              TL0 = (65536 - 1000) % 256;
  33              count++;
  34              if (count >= 1000)
  35              {
  36                  P20 = ~P20;
  37                  count = 0;
  38              }
  39          }
  40          */
  41          
  42          /*
  43          void Timer1() interrupt 3
  44          {
  45              static int count = 0;
  46              TH1 = (65536 - 500) / 256;
  47              TL1 = (65536 - 500) % 256;
  48              count++;
  49              if (count >= 1000)
  50              {
  51                  P22 = ~P22;
  52                  count = 0;
  53              }
  54          }
C51 COMPILER V9.60.0.0   TIMER                                                             08/12/2021 09:12:30 PAGE 2   

  55          */


MODULE INFORMATION:   STATIC OVERLAYABLE
   CODE SIZE        =     40    ----
   CONSTANT SIZE    =   ----    ----
   XDATA SIZE       =   ----    ----
   PDATA SIZE       =   ----    ----
   DATA SIZE        =   ----    ----
   IDATA SIZE       =   ----    ----
   BIT SIZE         =   ----    ----
END OF MODULE INFORMATION.


C51 COMPILATION COMPLETE.  0 WARNING(S),  0 ERROR(S)
