<html>
<body>
<pre>
<h1>礦ision Build Log</h1>
<h2>Tool Versions:</h2>
IDE-Version: μVision V5.35.0.0
Copyright (C) 2021 ARM Ltd and ARM Germany GmbH. All rights reserved.
License Information: 0 0, 0, LIC=YA39H-WEAPU-QDZKD-8B89J-9NM0T-S6A3Y
 
Tool Versions:
Toolchain:       MDK-ARM Plus  Version: 5.35.0.2
Toolchain Path:  C:\Software\Keil_v5\ARM\ARMCC\Bin
C Compiler:      Armcc.exe V5.06 update 7 (build 960)
Assembler:       Armasm.exe V5.06 update 7 (build 960)
Linker/Locator:  ArmLink.exe V5.06 update 7 (build 960)
Library Manager: ArmAr.exe V5.06 update 7 (build 960)
Hex Converter:   FromElf.exe V5.06 update 7 (build 960)
CPU DLL:         SARMCM3.DLL V5.35.0.2
Dialog DLL:      DARMSTM.DLL V1.68.0.0
Target DLL:      UL2CM3.DLL V1.164.0.0
Dialog DLL:      TARMSTM.DLL V1.66.0.0
 
<h2>Project:</h2>
D:\Programming exercises\STM32\1703070216李文瑞\源程序\lcd_keil\USER\USMART.uvprojx
Project File Date:  05/09/2022

<h2>Output:</h2>
*** Using Compiler 'V5.06 update 7 (build 960)', folder: 'C:\Software\Keil_v5\ARM\ARMCC\Bin'
Rebuild target 'Target 1'
assembling startup_stm32f10x_hd.s...
compiling system_stm32f10x.c...
compiling stm32f10x_it.c...
compiling core_cm3.c...
compiling adc.c...
compiling main.c...
main.c(160): warning:  #177-D: variable "key1"  was declared but never referenced
          int key1;
main.c(138): warning:  #177-D: variable "page"  was declared but never referenced
      int page = 1;
main.c(139): warning:  #177-D: variable "l1"  was declared but never referenced
      int l1 = -1, l2 = -1, f = -1, b = -1;
main.c(139): warning:  #177-D: variable "l2"  was declared but never referenced
      int l1 = -1, l2 = -1, f = -1, b = -1;
main.c(139): warning:  #177-D: variable "f"  was declared but never referenced
      int l1 = -1, l2 = -1, f = -1, b = -1;
main.c(139): warning:  #177-D: variable "b"  was declared but never referenced
      int l1 = -1, l2 = -1, f = -1, b = -1;
main.c(140): warning:  #177-D: variable "i"  was declared but never referenced
      int i = 0;
main.c(141): warning:  #177-D: variable "j"  was declared but never referenced
      int j = 0;
main.c(142): warning:  #177-D: variable "temp"  was declared but never referenced
      u8 temp;
main.c(143): warning:  #177-D: variable "hum"  was declared but never referenced
      u8 hum;
main.c(144): warning:  #177-D: variable "val"  was declared but never referenced
      uint16_t val;
main.c(145): warning:  #177-D: variable "buf_temp"  was declared but never referenced
      char buf_temp[30] = {0};
main.c(146): warning:  #177-D: variable "buf_hum"  was declared but never referenced
      char buf_hum[30] = {0};
main.c(147): warning:  #177-D: variable "buf_light"  was declared but never referenced
      char buf_light[100] = {0};
main.c(148): warning:  #177-D: variable "tip1"  was declared but never referenced
      char tip1[100] = {0};
main.c(149): warning:  #177-D: variable "tip2"  was declared but never referenced
      char tip2[100] = {0};
main.c: 16 warnings, 0 errors
compiling delay.c...
compiling sys.c...
compiling usart.c...
compiling misc.c...
compiling stm32f10x_fsmc.c...
compiling stm32f10x_flash.c...
compiling stm32f10x_gpio.c...
compiling stm32f10x_usart.c...
compiling stm32f10x_rcc.c...
compiling stm32f10x_dac.c...
compiling DTH11.c...
compiling LQ12864.c...
compiling stm32f10x_adc.c...
compiling stm32f10x_tim.c...
linking...
Program Size: Code=8032 RO-data=2408 RW-data=52 ZI-data=1836  
FromELF: creating hex file...
"..\OBJ\lcd.axf" - 0 Error(s), 16 Warning(s).

<h2>Software Packages used:</h2>

Package Vendor: ARM
                http://www.keil.com/pack/ARM.CMSIS.5.8.0.pack
                ARM.CMSIS.5.8.0
                CMSIS (Common Microcontroller Software Interface Standard)
   * Component: CORE Version: 5.5.0

Package Vendor: Keil
                http://www.keil.com/pack/Keil.STM32F1xx_DFP.2.4.0.pack
                Keil.STM32F1xx_DFP.2.4.0
                STMicroelectronics STM32F1 Series Device Support, Drivers and Examples

<h2>Collection of Component include folders:</h2>
  .\RTE\_Target_1
  C:\Users\imxlp\AppData\Local\Arm\Packs\ARM\CMSIS\5.8.0\CMSIS\Core\Include
  C:\Users\imxlp\AppData\Local\Arm\Packs\Keil\STM32F1xx_DFP\2.4.0\Device\Include

<h2>Collection of Component Files used:</h2>

   * Component: ARM::CMSIS:CORE:5.5.0
Build Time Elapsed:  00:00:02
</pre>
</body>
</html>
