<html>
<body>
<pre>
<h1>礦ision Build Log</h1>
<h2>Tool Versions:</h2>
IDE-Version: μVision V5.35.0.0
Copyright (C) 2021 ARM Ltd and ARM Germany GmbH. All rights reserved.
License Information: 0 0, 0, LIC=YA39H-WEAPU-QDZKD-8B89J-9NM0T-S6A3Y
 
Tool Versions:
Toolchain:       MDK-ARM Plus  Version: 5.35.0.2
Toolchain Path:  C:\Software\Keil_v5\ARM\ARMCC\Bin
C Compiler:      Armcc.exe V5.06 update 7 (build 960)
Assembler:       Armasm.exe V5.06 update 7 (build 960)
Linker/Locator:  ArmLink.exe V5.06 update 7 (build 960)
Library Manager: ArmAr.exe V5.06 update 7 (build 960)
Hex Converter:   FromElf.exe V5.06 update 7 (build 960)
CPU DLL:         SARMCM3.DLL V5.35.0.2
Dialog DLL:      DCM.DLL V1.17.3.0
Target DLL:      UL2CM3.DLL V1.164.0.0
Dialog DLL:      TCM.DLL V1.53.0.0
 
<h2>Project:</h2>
E:\2021-2022 第一学期\1903070311-许连鹏\实训程序文件\STM32\Project.uvprojx
Project File Date:  12/02/2021

<h2>Output:</h2>
*** Using Compiler 'V5.06 update 7 (build 960)', folder: 'C:\Software\Keil_v5\ARM\ARMCC\Bin'
Rebuild target 'Target 1'
assembling startup_stm32f10x_ld.s...
compiling core_cm3.c...
compiling system_stm32f10x.c...
compiling misc.c...
compiling stm32f10x_crc.c...
compiling stm32f10x_dac.c...
compiling stm32f10x_bkp.c...
compiling stm32f10x_adc.c...
compiling stm32f10x_cec.c...
compiling stm32f10x_can.c...
compiling stm32f10x_dbgmcu.c...
compiling stm32f10x_dma.c...
compiling stm32f10x_exti.c...
compiling stm32f10x_i2c.c...
compiling stm32f10x_iwdg.c...
compiling stm32f10x_fsmc.c...
compiling stm32f10x_gpio.c...
compiling stm32f10x_flash.c...
compiling stm32f10x_pwr.c...
compiling stm32f10x_rtc.c...
compiling stm32f10x_rcc.c...
compiling stm32f10x_sdio.c...
compiling stm32f10x_spi.c...
compiling stm32f10x_tim.c...
compiling stm32f10x_wwdg.c...
compiling stm32f10x_it.c...
compiling UART.c...
compiling stm32f10x_usart.c...
compiling PWM.c...
compiling main.c...
compiling IIC.c...
compiling oled.c...
compiling Keypasswd.c...
compiling sys.c...
compiling delay.c...
linking...
Program Size: Code=5984 RO-data=2400 RW-data=72 ZI-data=1656  
FromELF: creating hex file...
".\Objects\Project.axf" - 0 Error(s), 0 Warning(s).

<h2>Software Packages used:</h2>

Package Vendor: Keil
                http://www.keil.com/pack/Keil.STM32F1xx_DFP.2.4.0.pack
                Keil.STM32F1xx_DFP.2.4.0
                STMicroelectronics STM32F1 Series Device Support, Drivers and Examples

<h2>Collection of Component include folders:</h2>
  C:\Users\imxlp\AppData\Local\Arm\Packs\Keil\STM32F1xx_DFP\2.4.0\Device\Include

<h2>Collection of Component Files used:</h2>
Build Time Elapsed:  00:00:03
</pre>
</body>
</html>
